========================================================================
h1218: Fusion gain decomposition — node2vec_256 vs concat_l2(node2vec_256,fastrp_256)
       seeds=[42, 123, 456, 789, 2024] k=20
========================================================================
Loading embeddings A...
  49,616 entities
Loading embeddings B...
  49,616 entities
Building concat_l2 lookup...
  49,616 entities
Disease universe (knn_gt ∩ A ∩ B): 1,011
Setup complete in 0.2s

=== SEED 42 (1/5) ===
  seed 42 done in 0.5s — 202 eval diseases

=== SEED 123 (2/5) ===
  seed 123 done in 0.5s — 200 eval diseases

=== SEED 456 (3/5) ===
  seed 456 done in 0.5s — 200 eval diseases

=== SEED 789 (4/5) ===
  seed 789 done in 0.5s — 200 eval diseases

=== SEED 2024 (5/5) ===
  seed 2024 done in 0.5s — 200 eval diseases

========================================================================
Collected 1,002 (seed, disease) rows.
========================================================================

Pearson(Δ R@30, 1−Jaccard)  = -0.0774  p=0.0142  n=1002
Pearson(Δ R@30, −Spearman)  = +0.0222  p=0.483  n=1002

=== Per-Jaccard-quartile fusion gain (n=1002) ===
Bucket           n  mean Δ R@30    std
Q1_low         330   +0.876pp    13.505pp
Q2             190   +0.598pp    9.424pp
Q3             279   +1.408pp    9.633pp
Q4_high        203   +2.631pp    15.577pp

=== Per-category fusion gain ===
Category                   n  mean Δ R@30    std
musculoskeletal           18   +6.201pp    7.418pp
cancer                   116   +4.000pp    9.888pp
gastrointestinal          38   +3.824pp    16.965pp
hematological             17   +2.476pp    8.030pp
psychiatric               18   +2.149pp    4.984pp
infectious               149   +2.090pp    13.396pp
other                    320   +1.419pp    15.226pp
ophthalmic                22   +0.815pp    7.569pp
neurological              50   +0.344pp    8.900pp
renal                     23   +0.034pp    5.199pp
reproductive               1   +0.000pp    0.000pp
autoimmune                31   -0.334pp    5.496pp
dermatological            48   -0.452pp    6.956pp
immunological              7   -0.568pp    1.392pp  ←REGRESS
respiratory               21   -0.988pp    5.906pp  ←REGRESS
metabolic                 54   -1.117pp    10.456pp  ←REGRESS
cardiovascular            63   -1.967pp    11.038pp  ←REGRESS
endocrine                  6   -5.357pp    5.740pp  ←REGRESS

=== Gain concentration ===
Rows gaining:  293 (29.2%)
Rows losing:   185 (18.5%)
Rows neutral:  524 (52.3%)
Σ positive Δ:  +32.803 (pp×drug-frac)
Σ negative Δ:  -19.505
Net gain per row: +1.327pp (matches h1215 +1.32pp expectation)

Top 10 gainers:
  +100.00pp  jac=0.600  other            strabismus
  +100.00pp  jac=0.481  other            strabismus
  +100.00pp  jac=0.026  other            beriberi
  +100.00pp  jac=0.538  gastrointestinal  neurogenic bowel disturbances
  +100.00pp  jac=0.333  other            multiple endocrine adenomas
  +75.00pp  jac=0.026  infectious       fusariosis
  +50.00pp  jac=0.176  infectious       secondary bacterial infections
  +50.00pp  jac=0.053  cancer           gestational trophoblastic neoplasia
  +50.00pp  jac=0.176  infectious       secondary bacterial infections
  +50.00pp  jac=0.081  infectious       fusariosis

Top 10 losers:
  -40.00pp  jac=0.081  infectious       fungal meningitis
  -44.44pp  jac=0.081  other            ovarian deficiency symptoms
  -50.00pp  jac=0.081  other            tropical sprue
  -50.00pp  jac=0.143  cardiovascular   brain embolism
  -50.00pp  jac=0.081  metabolic        aldosteroneproducing adrenal adenomas
  -50.00pp  jac=0.250  other            spasmodic dysphonia
  -50.00pp  jac=0.053  metabolic        aldosteroneproducing adrenal adenomas
  -50.00pp  jac=0.143  other            spasmodic dysphonia
  -50.00pp  jac=0.290  infectious       herpes simplex virus infection
  -54.55pp  jac=0.176  other            primary dysbetalipoproteinemia fredrickson type ii

Wrote /Users/jimhuff/github/open-cure/data/analysis/h1218_fusion_gain_decomposition.json  (1,002 rows)
Wrote /Users/jimhuff/github/open-cure/data/analysis/h1218_fusion_gain_decomposition.md
